// Jest Snapshot v1, https://goo.gl/fbAQLP

exports[`<TaskForm/> renders without crashing 1`] = `
ShallowWrapper {
  Symbol(enzyme.__root__): [Circular],
  Symbol(enzyme.__unrendered__): <TaskForm />,
  Symbol(enzyme.__renderer__): Object {
    "batchedUpdates": [Function],
    "checkPropTypes": [Function],
    "getNode": [Function],
    "render": [Function],
    "simulateError": [Function],
    "simulateEvent": [Function],
    "unmount": [Function],
  },
  Symbol(enzyme.__node__): Object {
    "instance": null,
    "key": undefined,
    "nodeType": "host",
    "props": Object {
      "children": Array [
        <input
          name="title"
          onChange={[Function]}
          placeholder="Enter task title"
          required={true}
          type="text"
          value=""
        />,
        <input
          name="description"
          onChange={[Function]}
          placeholder="Enter task description"
          required={true}
          type="text"
          value=""
        />,
        <button>
          Submit
        </button>,
        <button
          id="reset-btn"
          onClick={[Function]}
          type="button"
        >
          Reset
        </button>,
      ],
      "className": "task-form",
      "onSubmit": [Function],
    },
    "ref": null,
    "rendered": Array [
      Object {
        "instance": null,
        "key": undefined,
        "nodeType": "host",
        "props": Object {
          "name": "title",
          "onChange": [Function],
          "placeholder": "Enter task title",
          "required": true,
          "type": "text",
          "value": "",
        },
        "ref": null,
        "rendered": null,
        "type": "input",
      },
      Object {
        "instance": null,
        "key": undefined,
        "nodeType": "host",
        "props": Object {
          "name": "description",
          "onChange": [Function],
          "placeholder": "Enter task description",
          "required": true,
          "type": "text",
          "value": "",
        },
        "ref": null,
        "rendered": null,
        "type": "input",
      },
      Object {
        "instance": null,
        "key": undefined,
        "nodeType": "host",
        "props": Object {
          "children": "Submit",
        },
        "ref": null,
        "rendered": "Submit",
        "type": "button",
      },
      Object {
        "instance": null,
        "key": undefined,
        "nodeType": "host",
        "props": Object {
          "children": "Reset",
          "id": "reset-btn",
          "onClick": [Function],
          "type": "button",
        },
        "ref": null,
        "rendered": "Reset",
        "type": "button",
      },
    ],
    "type": "form",
  },
  Symbol(enzyme.__nodes__): Array [
    Object {
      "instance": null,
      "key": undefined,
      "nodeType": "host",
      "props": Object {
        "children": Array [
          <input
            name="title"
            onChange={[Function]}
            placeholder="Enter task title"
            required={true}
            type="text"
            value=""
          />,
          <input
            name="description"
            onChange={[Function]}
            placeholder="Enter task description"
            required={true}
            type="text"
            value=""
          />,
          <button>
            Submit
          </button>,
          <button
            id="reset-btn"
            onClick={[Function]}
            type="button"
          >
            Reset
          </button>,
        ],
        "className": "task-form",
        "onSubmit": [Function],
      },
      "ref": null,
      "rendered": Array [
        Object {
          "instance": null,
          "key": undefined,
          "nodeType": "host",
          "props": Object {
            "name": "title",
            "onChange": [Function],
            "placeholder": "Enter task title",
            "required": true,
            "type": "text",
            "value": "",
          },
          "ref": null,
          "rendered": null,
          "type": "input",
        },
        Object {
          "instance": null,
          "key": undefined,
          "nodeType": "host",
          "props": Object {
            "name": "description",
            "onChange": [Function],
            "placeholder": "Enter task description",
            "required": true,
            "type": "text",
            "value": "",
          },
          "ref": null,
          "rendered": null,
          "type": "input",
        },
        Object {
          "instance": null,
          "key": undefined,
          "nodeType": "host",
          "props": Object {
            "children": "Submit",
          },
          "ref": null,
          "rendered": "Submit",
          "type": "button",
        },
        Object {
          "instance": null,
          "key": undefined,
          "nodeType": "host",
          "props": Object {
            "children": "Reset",
            "id": "reset-btn",
            "onClick": [Function],
            "type": "button",
          },
          "ref": null,
          "rendered": "Reset",
          "type": "button",
        },
      ],
      "type": "form",
    },
  ],
  Symbol(enzyme.__options__): Object {
    "adapter": ReactSixteenAdapter {
      "options": Object {
        "enableComponentDidUpdateOnSetState": true,
        "legacyContextMode": "parent",
        "lifecycles": Object {
          "componentDidUpdate": Object {
            "onSetState": true,
          },
          "getChildContext": Object {
            "calledByRenderer": false,
          },
          "getDerivedStateFromProps": true,
          "getSnapshotBeforeUpdate": true,
          "setState": Object {
            "skipsComponentDidUpdateOnNullish": true,
          },
        },
      },
    },
  },
  Symbol(enzyme.__childContext__): null,
}
`;
